../Core/Src/main.c:75:5:_write	24	static
../Core/Src/main.c:83:8:user_i2c_read	48	static
../Core/Src/main.c:93:8:user_i2c_write	48	static
../Core/Src/main.c:103:6:user_delay_us	24	static,ignoring_inline_asm
../Core/Src/main.c:114:6:BME680_Init	16	static
../Core/Src/main.c:238:6:handle_command	48	static
../Core/Src/main.c:299:6:HAL_UART_RxCpltCallback	16	static
../Core/Src/main.c:326:5:main	8	static
../Core/Src/main.c:381:6:SystemClock_Config	88	static
../Core/Src/main.c:425:6:Error_Handler	8	static,ignoring_inline_asm
