../Core/Src/main.c:104:5:_write	24	static
../Core/Src/main.c:115:8:user_i2c_read	40	static
../Core/Src/main.c:121:8:user_i2c_write	40	static
../Core/Src/main.c:127:6:user_delay_us	24	static,ignoring_inline_asm
../Core/Src/main.c:141:6:LoRa_Select	8	static
../Core/Src/main.c:146:6:LoRa_Unselect	8	static
../Core/Src/main.c:151:6:LoRa_WaitWhileBusy	16	static
../Core/Src/main.c:162:6:LoRa_Reset	8	static
../Core/Src/main.c:171:6:LoRa_Init	8	static
../Core/Src/main.c:183:6:LoRa_PrintStatus	24	static
../Core/Src/main.c:190:6:LoRa_WriteCommand	16	static
../Core/Src/main.c:200:6:LoRa_SetStandby	16	static
../Core/Src/main.c:206:6:LoRa_SetPacketType	16	static
../Core/Src/main.c:212:6:LoRa_SetRfFrequency	24	static
../Core/Src/main.c:225:6:LoRa_SetTxParams	16	static
../Core/Src/main.c:231:6:LoRa_SetBufferBaseAddress	16	static
../Core/Src/main.c:237:6:LoRa_SetModulationParams	16	static
../Core/Src/main.c:243:6:LoRa_SetPacketParams	24	static
../Core/Src/main.c:249:6:LoRa_SendString	296	static
../Core/Src/main.c:275:9:LoRa_GetStatus	16	static
../Core/Src/main.c:295:6:BME680_Init	8	static
../Core/Src/main.c:328:6:handle_command	232	static
../Core/Src/main.c:559:6:HAL_UART_RxCpltCallback	16	static
../Core/Src/main.c:588:5:main	8	static
../Core/Src/main.c:657:6:SystemClock_Config	88	static
../Core/Src/main.c:701:6:Error_Handler	8	static,ignoring_inline_asm
