../Core/Src/main.c:19:5:_write	24	static
../Core/Src/main.c:38:8:user_i2c_read	48	static
../Core/Src/main.c:48:8:user_i2c_write	48	static
../Core/Src/main.c:67:6:user_delay_us	16	static
../Core/Src/main.c:81:6:BME688_Init	48	static
../Core/Src/main.c:155:5:main	64	static
../Core/Src/main.c:293:6:SystemClock_Config	88	static
../Core/Src/main.c:334:6:MX_I2C1_Init	8	static
../Core/Src/main.c:382:6:MX_USART2_UART_Init	8	static
../Core/Src/main.c:430:6:MX_GPIO_Init	16	static
../Core/Src/main.c:458:6:Error_Handler	8	static,ignoring_inline_asm
